// Jest Snapshot v1, https://goo.gl/fbAQLP

exports[`hide question on invalid answer 1`] = `
Array [
  <p
    className="robot"
  >
    Question
  </p>,
  <p
    className="answer"
  >
    asd
  </p>,
  <p
    className="error"
  >
    Error
  </p>,
  <input
    onChange={[Function]}
    value="asd"
  />,
  <input
    onClick={[Function]}
    type="submit"
  />,
]
`;
