// Jest Snapshot v1, https://goo.gl/fbAQLP

exports[`ConformsForm 1`] = `"pending input"`;

exports[`ConformsForm 2`] = `
Array [
  "pending",
  "pending input",
]
`;

exports[`ConformsForm 3`] = `
Array [
  <p
    className="robot"
  >
    question
  </p>,
  <input
    onChange={[Function]}
  />,
  <input
    type="submit"
  />,
]
`;

exports[`useChatBuilder 1`] = `"pending input"`;

exports[`useChatBuilder 2`] = `
Array [
  "pending",
  "pending input",
]
`;

exports[`useChatBuilder 3`] = `
Array [
  <p
    className="robot"
  >
    question
  </p>,
  <input
    onChange={[Function]}
  />,
  <input
    type="submit"
  />,
]
`;
